[{"stream_name":"stderr","time":5.55510915,"data":"Traceback (most recent call last):\n"}
,{"stream_name":"stderr","time":5.555188592,"data":"  File \"\u003cstring\u003e\", line 1, in \u003cmodule\u003e\n"}
,{"stream_name":"stderr","time":5.555195892,"data":"  File \"/usr/local/lib/python3.12/dist-packages/papermill/execute.py\", line 113, in execute_notebook\n"}
,{"stream_name":"stderr","time":5.555203724,"data":"    kernel_name = papermill_engines.nb_kernel_name(engine_name=engine_name, nb=nb, name=kernel_name)\n"}
,{"stream_name":"stderr","time":5.55527561,"data":"                  ^^^^^^^^^^^^^^^^^^^^^^^^^^^^^^^^^^^^^^^^^^^^^^^^^^^^^^^^^^^^^^^^^^^^^^^^^^^^^^^^^^\n"}
,{"stream_name":"stderr","time":5.555292858,"data":"  File \"/usr/local/lib/python3.12/dist-packages/papermill/engines.py\", line 53, in nb_kernel_name\n"}
,{"stream_name":"stderr","time":5.555483729,"data":"    return self.get_engine(engine_name).nb_kernel_name(nb, name)\n"}
,{"stream_name":"stderr","time":5.555495745,"data":"           ^^^^^^^^^^^^^^^^^^^^^^^^^^^^^^^^^^^^^^^^^^^^^^^^^^^^^\n"}
,{"stream_name":"stderr","time":5.555500115,"data":"  File \"/usr/local/lib/python3.12/dist-packages/papermill/engines.py\", line 386, in nb_kernel_name\n"}
,{"stream_name":"stderr","time":5.5557023359999995,"data":"    return nb_kernel_name(nb, name)\n"}
,{"stream_name":"stderr","time":5.555711157,"data":"           ^^^^^^^^^^^^^^^^^^^^^^^^\n"}
,{"stream_name":"stderr","time":5.555715305,"data":"  File \"/usr/local/lib/python3.12/dist-packages/papermill/utils.py\", line 52, in nb_kernel_name\n"}
,{"stream_name":"stderr","time":5.555794076,"data":"    raise ValueError(\"No kernel name found in notebook and no override provided.\")\n"}
,{"stream_name":"stderr","time":5.555807999,"data":"ValueError: No kernel name found in notebook and no override provided.\n"}
,{"stream_name":"stderr","time":7.559716565,"data":"/usr/local/lib/python3.12/dist-packages/mistune.py:435: SyntaxWarning: invalid escape sequence '\\|'\n"}
,{"stream_name":"stderr","time":7.559747538,"data":"  cells[i][c] = re.sub('\\\\\\\\\\|', '|', cell)\n"}
,{"stream_name":"stderr","time":7.730799097,"data":"/usr/local/lib/python3.12/dist-packages/nbconvert/filters/filter_links.py:36: SyntaxWarning: invalid escape sequence '\\_'\n"}
,{"stream_name":"stderr","time":7.730827532,"data":"  text = re.sub(r'_', '\\_', text) # Escape underscores in display text\n"}
,{"stream_name":"stderr","time":8.327367035,"data":"[NbConvertApp] Converting notebook __notebook__.ipynb to notebook\n"}
,{"stream_name":"stderr","time":8.602760718,"data":"[NbConvertApp] Writing 3078 bytes to __notebook__.ipynb\n"}
,{"stream_name":"stderr","time":10.942177964,"data":"[NbConvertApp] Converting notebook __notebook__.ipynb to html\n"}
,{"stream_name":"stderr","time":11.416396079,"data":"[NbConvertApp] Writing 284341 bytes to __results__.html\n"}
]